// Vitest Snapshot v1, https://vitest.dev/guide/snapshot.html

exports[`NavBar > renders NavBar component 1`] = `
{
  "asFragment": [Function],
  "baseElement": <body>
    <div>
      <nav
        class="css-190sxfp MuiBox-root css-1ken695"
      >
        <a
          class="MuiTypography-root MuiTypography-inherit MuiLink-root MuiLink-underlineNone css-8x5v1s css-1vfxnq3-MuiTypography-root-MuiLink-root"
          href="/dashboard"
        >
          <svg
            aria-hidden="true"
            class="MuiSvgIcon-root MuiSvgIcon-fontSizeMedium css-i4bv87-MuiSvgIcon-root"
            data-testid="SavingsIcon"
            focusable="false"
            viewBox="0 0 24 24"
          >
            <path
              d="m19.83 7.5-2.27-2.27c.07-.42.18-.81.32-1.15.08-.18.12-.37.12-.58 0-.83-.67-1.5-1.5-1.5-1.64 0-3.09.79-4 2h-5C4.46 4 2 6.46 2 9.5S4.5 21 4.5 21H10v-2h2v2h5.5l1.68-5.59 2.82-.94V7.5h-2.17zM13 9H8V7h5v2zm3 2c-.55 0-1-.45-1-1s.45-1 1-1 1 .45 1 1-.45 1-1 1z"
            />
          </svg>
          <p
            class="MuiTypography-root MuiTypography-body1 css-kasiyu css-ahj2mt-MuiTypography-root"
          >
            모두의 가계부
          </p>
        </a>
        <nav
          class="css-a5gwss MuiBox-root css-8n1nqt"
        >
          <a
            class="MuiTypography-root MuiTypography-inherit MuiLink-root MuiLink-underlineNone css-1svkyu9 css-etlun3-MuiTypography-root-MuiLink-root"
            href="/dashboard"
          >
            <svg
              aria-hidden="true"
              class="MuiSvgIcon-root MuiSvgIcon-fontSizeMedium css-1l6op67-MuiSvgIcon-root"
              data-testid="EditIcon"
              focusable="false"
              viewBox="0 0 24 24"
            >
              <path
                d="M3 17.25V21h3.75L17.81 9.94l-3.75-3.75L3 17.25zM20.71 7.04c.39-.39.39-1.02 0-1.41l-2.34-2.34a.9959.9959 0 0 0-1.41 0l-1.83 1.83 3.75 3.75 1.83-1.83z"
              />
            </svg>
            <p
              class="MuiTypography-root MuiTypography-body2 css-e784if-MuiTypography-root"
            >
              가계부
            </p>
          </a>
          <a
            class="MuiTypography-root MuiTypography-inherit MuiLink-root MuiLink-underlineNone css-1svkyu9 css-etlun3-MuiTypography-root-MuiLink-root"
            href="/dashboard/report"
          >
            <svg
              aria-hidden="true"
              class="MuiSvgIcon-root MuiSvgIcon-fontSizeMedium css-1l6op67-MuiSvgIcon-root"
              data-testid="BarChartIcon"
              focusable="false"
              viewBox="0 0 24 24"
            >
              <path
                d="M4 9h4v11H4zm12 4h4v7h-4zm-6-9h4v16h-4z"
              />
            </svg>
            <p
              class="MuiTypography-root MuiTypography-body2 css-e784if-MuiTypography-root"
            >
              보고서
            </p>
          </a>
          <a
            class="MuiTypography-root MuiTypography-inherit MuiLink-root MuiLink-underlineNone css-1svkyu9 css-etlun3-MuiTypography-root-MuiLink-root"
            href="/dashboard/budget"
          >
            <svg
              aria-hidden="true"
              class="MuiSvgIcon-root MuiSvgIcon-fontSizeMedium css-1l6op67-MuiSvgIcon-root"
              data-testid="PieChartIcon"
              focusable="false"
              viewBox="0 0 24 24"
            >
              <path
                d="M11 2v20c-5.07-.5-9-4.79-9-10s3.93-9.5 9-10zm2.03 0v8.99H22c-.47-4.74-4.24-8.52-8.97-8.99zm0 11.01V22c4.74-.47 8.5-4.25 8.97-8.99h-8.97z"
              />
            </svg>
            <p
              class="MuiTypography-root MuiTypography-body2 css-e784if-MuiTypography-root"
            >
              예산 관리
            </p>
          </a>
          <a
            class="MuiTypography-root MuiTypography-inherit MuiLink-root MuiLink-underlineNone css-1svkyu9 css-etlun3-MuiTypography-root-MuiLink-root"
            href="/dashboard/account"
          >
            <svg
              aria-hidden="true"
              class="MuiSvgIcon-root MuiSvgIcon-fontSizeMedium css-1l6op67-MuiSvgIcon-root"
              data-testid="CategoryIcon"
              focusable="false"
              viewBox="0 0 24 24"
            >
              <path
                d="m12 2-5.5 9h11z"
              />
              <circle
                cx="17.5"
                cy="17.5"
                r="4.5"
              />
              <path
                d="M3 13.5h8v8H3z"
              />
            </svg>
            <p
              class="MuiTypography-root MuiTypography-body2 css-e784if-MuiTypography-root"
            >
              분류 관리
            </p>
          </a>
        </nav>
        <section
          class="css-14chwgd MuiBox-root css-0"
        >
          <header
            class="css-kympkc MuiBox-root css-0"
          >
            <div
              class="css-1giup9e MuiBox-root css-0"
            >
              <svg
                aria-hidden="true"
                class="MuiSvgIcon-root MuiSvgIcon-fontSizeMedium css-i4bv87-MuiSvgIcon-root"
                data-testid="KeyboardArrowUpIcon"
                focusable="false"
                viewBox="0 0 24 24"
              >
                <path
                  d="M7.41 15.41 12 10.83l4.59 4.58L18 14l-6-6-6 6z"
                />
              </svg>
              <p
                class="MuiTypography-root MuiTypography-body2 css-e784if-MuiTypography-root"
              >
                이달의 자산현황
              </p>
            </div>
          </header>
          <div
            class="css-7ttcrf MuiBox-root css-0"
          >
            <div
              class="css-1xqftfh MuiBox-root css-12y2hfg"
            >
              <div
                class="css-pe6vce MuiBox-root css-16qv2i2"
              >
                <div
                  class="css-44nm6q MuiBox-root css-0"
                >
                  <svg
                    aria-hidden="true"
                    class="MuiSvgIcon-root MuiSvgIcon-fontSizeMedium css-1u2zctn-MuiSvgIcon-root"
                    data-testid="TollIcon"
                    focusable="false"
                    viewBox="0 0 24 24"
                  >
                    <path
                      d="M15 4c-4.42 0-8 3.58-8 8s3.58 8 8 8 8-3.58 8-8-3.58-8-8-8zm0 14c-3.31 0-6-2.69-6-6s2.69-6 6-6 6 2.69 6 6-2.69 6-6 6zM3 12c0-2.61 1.67-4.83 4-5.65V4.26C3.55 5.15 1 8.27 1 12s2.55 6.85 6 7.74v-2.09c-2.33-.82-4-3.04-4-5.65z"
                    />
                  </svg>
                  <p
                    class="MuiTypography-root MuiTypography-body2 css-1d3njat-MuiTypography-root"
                  >
                    순자산
                  </p>
                </div>
                <p
                  class="MuiTypography-root MuiTypography-body2 css-1d3njat-MuiTypography-root"
                >
                  500,000,000
                </p>
              </div>
            </div>
            <div
              class="css-1xqftfh MuiBox-root css-12y2hfg"
            >
              <div
                class="css-pe6vce MuiBox-root css-c1a362"
              >
                <div
                  class="css-44nm6q MuiBox-root css-0"
                >
                  <svg
                    aria-hidden="true"
                    class="MuiSvgIcon-root MuiSvgIcon-fontSizeMedium css-1u2zctn-MuiSvgIcon-root"
                    data-testid="AddIcon"
                    focusable="false"
                    viewBox="0 0 24 24"
                  >
                    <path
                      d="M19 13h-6v6h-2v-6H5v-2h6V5h2v6h6v2z"
                    />
                  </svg>
                  <p
                    class="MuiTypography-root MuiTypography-body2 css-1d3njat-MuiTypography-root"
                  >
                    자산
                  </p>
                </div>
                <p
                  class="MuiTypography-root MuiTypography-body2 css-1d3njat-MuiTypography-root"
                >
                  500,000,000
                </p>
              </div>
              <section
                class="css-1r2jysi MuiBox-root css-0"
              >
                <div
                  class="css-uf1ume MuiBox-root css-0"
                >
                  <div
                    class="css-44nm6q MuiBox-root css-0"
                  >
                    <svg
                      aria-hidden="true"
                      class="MuiSvgIcon-root MuiSvgIcon-fontSizeMedium css-r6guz9-MuiSvgIcon-root"
                      data-testid="SubdirectoryArrowRightIcon"
                      focusable="false"
                      viewBox="0 0 24 24"
                    >
                      <path
                        d="m19 15-6 6-1.42-1.42L15.17 16H4V4h2v10h9.17l-3.59-3.58L13 9l6 6z"
                      />
                    </svg>
                    <span
                      class="MuiTypography-root MuiTypography-caption css-1sn4lm3-MuiTypography-root"
                    >
                      현금잔액
                    </span>
                  </div>
                  <span
                    class="MuiTypography-root MuiTypography-caption css-1sn4lm3-MuiTypography-root"
                  >
                    100,000,000
                  </span>
                </div>
                <div
                  class="css-uf1ume MuiBox-root css-0"
                >
                  <div
                    class="css-44nm6q MuiBox-root css-0"
                  >
                    <svg
                      aria-hidden="true"
                      class="MuiSvgIcon-root MuiSvgIcon-fontSizeMedium css-r6guz9-MuiSvgIcon-root"
                      data-testid="SubdirectoryArrowRightIcon"
                      focusable="false"
                      viewBox="0 0 24 24"
                    >
                      <path
                        d="m19 15-6 6-1.42-1.42L15.17 16H4V4h2v10h9.17l-3.59-3.58L13 9l6 6z"
                      />
                    </svg>
                    <span
                      class="MuiTypography-root MuiTypography-caption css-1sn4lm3-MuiTypography-root"
                    >
                      투자자산
                    </span>
                  </div>
                  <span
                    class="MuiTypography-root MuiTypography-caption css-1sn4lm3-MuiTypography-root"
                  >
                    350,000,000
                  </span>
                </div>
                <div
                  class="css-uf1ume MuiBox-root css-0"
                >
                  <div
                    class="css-44nm6q MuiBox-root css-0"
                  >
                    <svg
                      aria-hidden="true"
                      class="MuiSvgIcon-root MuiSvgIcon-fontSizeMedium css-r6guz9-MuiSvgIcon-root"
                      data-testid="SubdirectoryArrowRightIcon"
                      focusable="false"
                      viewBox="0 0 24 24"
                    >
                      <path
                        d="m19 15-6 6-1.42-1.42L15.17 16H4V4h2v10h9.17l-3.59-3.58L13 9l6 6z"
                      />
                    </svg>
                    <span
                      class="MuiTypography-root MuiTypography-caption css-1sn4lm3-MuiTypography-root"
                    >
                      기타자산
                    </span>
                  </div>
                  <span
                    class="MuiTypography-root MuiTypography-caption css-1sn4lm3-MuiTypography-root"
                  >
                    50,000,000
                  </span>
                </div>
              </section>
            </div>
            <div
              class="css-1xqftfh MuiBox-root css-12y2hfg"
            >
              <div
                class="css-pe6vce MuiBox-root css-1y16nxq"
              >
                <div
                  class="css-44nm6q MuiBox-root css-0"
                >
                  <svg
                    aria-hidden="true"
                    class="MuiSvgIcon-root MuiSvgIcon-fontSizeMedium css-1u2zctn-MuiSvgIcon-root"
                    data-testid="RemoveIcon"
                    focusable="false"
                    viewBox="0 0 24 24"
                  >
                    <path
                      d="M19 13H5v-2h14v2z"
                    />
                  </svg>
                  <p
                    class="MuiTypography-root MuiTypography-body2 css-1d3njat-MuiTypography-root"
                  >
                    부채
                  </p>
                </div>
                <p
                  class="MuiTypography-root MuiTypography-body2 css-1d3njat-MuiTypography-root"
                >
                  100,000,000
                </p>
              </div>
              <section
                class="css-1r2jysi MuiBox-root css-0"
              >
                <div
                  class="css-uf1ume MuiBox-root css-0"
                >
                  <div
                    class="css-44nm6q MuiBox-root css-0"
                  >
                    <svg
                      aria-hidden="true"
                      class="MuiSvgIcon-root MuiSvgIcon-fontSizeMedium css-r6guz9-MuiSvgIcon-root"
                      data-testid="SubdirectoryArrowRightIcon"
                      focusable="false"
                      viewBox="0 0 24 24"
                    >
                      <path
                        d="m19 15-6 6-1.42-1.42L15.17 16H4V4h2v10h9.17l-3.59-3.58L13 9l6 6z"
                      />
                    </svg>
                    <span
                      class="MuiTypography-root MuiTypography-caption css-1sn4lm3-MuiTypography-root"
                    >
                      대출
                    </span>
                  </div>
                  <span
                    class="MuiTypography-root MuiTypography-caption css-1sn4lm3-MuiTypography-root"
                  >
                    75,000,000
                  </span>
                </div>
                <div
                  class="css-uf1ume MuiBox-root css-0"
                >
                  <div
                    class="css-44nm6q MuiBox-root css-0"
                  >
                    <svg
                      aria-hidden="true"
                      class="MuiSvgIcon-root MuiSvgIcon-fontSizeMedium css-r6guz9-MuiSvgIcon-root"
                      data-testid="SubdirectoryArrowRightIcon"
                      focusable="false"
                      viewBox="0 0 24 24"
                    >
                      <path
                        d="m19 15-6 6-1.42-1.42L15.17 16H4V4h2v10h9.17l-3.59-3.58L13 9l6 6z"
                      />
                    </svg>
                    <span
                      class="MuiTypography-root MuiTypography-caption css-1sn4lm3-MuiTypography-root"
                    >
                      기타부채
                    </span>
                  </div>
                  <span
                    class="MuiTypography-root MuiTypography-caption css-1sn4lm3-MuiTypography-root"
                  >
                    25,000,000
                  </span>
                </div>
              </section>
            </div>
          </div>
        </section>
        <section
          class="css-14chwgd MuiBox-root css-0"
        >
          <header
            class="css-kympkc MuiBox-root css-0"
          >
            <div
              class="css-1giup9e MuiBox-root css-0"
            >
              <svg
                aria-hidden="true"
                class="MuiSvgIcon-root MuiSvgIcon-fontSizeMedium css-i4bv87-MuiSvgIcon-root"
                data-testid="KeyboardArrowUpIcon"
                focusable="false"
                viewBox="0 0 24 24"
              >
                <path
                  d="M7.41 15.41 12 10.83l4.59 4.58L18 14l-6-6-6 6z"
                />
              </svg>
              <p
                class="MuiTypography-root MuiTypography-body2 css-e784if-MuiTypography-root"
              >
                이달의 가계
              </p>
            </div>
            <span
              class="MuiTypography-root MuiTypography-caption css-2jhrtr css-1sn4lm3-MuiTypography-root"
            >
              2024.01.01 ~ 2024.01.31
            </span>
          </header>
          <div
            class="css-7ttcrf MuiBox-root css-0"
          >
            <div
              class="css-1xqftfh MuiBox-root css-12y2hfg"
            >
              <div
                class="css-pe6vce MuiBox-root css-16qv2i2"
              >
                <div
                  class="css-44nm6q MuiBox-root css-0"
                >
                  <svg
                    aria-hidden="true"
                    class="MuiSvgIcon-root MuiSvgIcon-fontSizeMedium css-1u2zctn-MuiSvgIcon-root"
                    data-testid="TollIcon"
                    focusable="false"
                    viewBox="0 0 24 24"
                  >
                    <path
                      d="M15 4c-4.42 0-8 3.58-8 8s3.58 8 8 8 8-3.58 8-8-3.58-8-8-8zm0 14c-3.31 0-6-2.69-6-6s2.69-6 6-6 6 2.69 6 6-2.69 6-6 6zM3 12c0-2.61 1.67-4.83 4-5.65V4.26C3.55 5.15 1 8.27 1 12s2.55 6.85 6 7.74v-2.09c-2.33-.82-4-3.04-4-5.65z"
                    />
                  </svg>
                  <p
                    class="MuiTypography-root MuiTypography-body2 css-1d3njat-MuiTypography-root"
                  >
                    수입 - 지출
                  </p>
                </div>
                <p
                  class="MuiTypography-root MuiTypography-body2 css-1d3njat-MuiTypography-root"
                >
                  7,000,000
                </p>
              </div>
            </div>
            <div
              class="css-1xqftfh MuiBox-root css-12y2hfg"
            >
              <div
                class="css-pe6vce MuiBox-root css-c1a362"
              >
                <div
                  class="css-44nm6q MuiBox-root css-0"
                >
                  <svg
                    aria-hidden="true"
                    class="MuiSvgIcon-root MuiSvgIcon-fontSizeMedium css-1u2zctn-MuiSvgIcon-root"
                    data-testid="AddIcon"
                    focusable="false"
                    viewBox="0 0 24 24"
                  >
                    <path
                      d="M19 13h-6v6h-2v-6H5v-2h6V5h2v6h6v2z"
                    />
                  </svg>
                  <p
                    class="MuiTypography-root MuiTypography-body2 css-1d3njat-MuiTypography-root"
                  >
                    수입
                  </p>
                </div>
                <p
                  class="MuiTypography-root MuiTypography-body2 css-1d3njat-MuiTypography-root"
                >
                  10,000,000
                </p>
              </div>
              <section
                class="css-1r2jysi MuiBox-root css-0"
              >
                <div
                  class="css-uf1ume MuiBox-root css-0"
                >
                  <div
                    class="css-44nm6q MuiBox-root css-0"
                  >
                    <svg
                      aria-hidden="true"
                      class="MuiSvgIcon-root MuiSvgIcon-fontSizeMedium css-r6guz9-MuiSvgIcon-root"
                      data-testid="SubdirectoryArrowRightIcon"
                      focusable="false"
                      viewBox="0 0 24 24"
                    >
                      <path
                        d="m19 15-6 6-1.42-1.42L15.17 16H4V4h2v10h9.17l-3.59-3.58L13 9l6 6z"
                      />
                    </svg>
                    <span
                      class="MuiTypography-root MuiTypography-caption css-1sn4lm3-MuiTypography-root"
                    >
                      이달의 수입
                    </span>
                  </div>
                  <span
                    class="MuiTypography-root MuiTypography-caption css-1sn4lm3-MuiTypography-root"
                  >
                    8,000,000
                  </span>
                </div>
                <div
                  class="css-uf1ume MuiBox-root css-0"
                >
                  <div
                    class="css-44nm6q MuiBox-root css-0"
                  >
                    <svg
                      aria-hidden="true"
                      class="MuiSvgIcon-root MuiSvgIcon-fontSizeMedium css-r6guz9-MuiSvgIcon-root"
                      data-testid="SubdirectoryArrowRightIcon"
                      focusable="false"
                      viewBox="0 0 24 24"
                    >
                      <path
                        d="m19 15-6 6-1.42-1.42L15.17 16H4V4h2v10h9.17l-3.59-3.58L13 9l6 6z"
                      />
                    </svg>
                    <span
                      class="MuiTypography-root MuiTypography-caption css-1sn4lm3-MuiTypography-root"
                    >
                      전월이월
                    </span>
                  </div>
                  <span
                    class="MuiTypography-root MuiTypography-caption css-1sn4lm3-MuiTypography-root"
                  >
                    2,000,000
                  </span>
                </div>
              </section>
            </div>
            <div
              class="css-1xqftfh MuiBox-root css-12y2hfg"
            >
              <div
                class="css-pe6vce MuiBox-root css-1y16nxq"
              >
                <div
                  class="css-44nm6q MuiBox-root css-0"
                >
                  <svg
                    aria-hidden="true"
                    class="MuiSvgIcon-root MuiSvgIcon-fontSizeMedium css-1u2zctn-MuiSvgIcon-root"
                    data-testid="RemoveIcon"
                    focusable="false"
                    viewBox="0 0 24 24"
                  >
                    <path
                      d="M19 13H5v-2h14v2z"
                    />
                  </svg>
                  <p
                    class="MuiTypography-root MuiTypography-body2 css-1d3njat-MuiTypography-root"
                  >
                    지출
                  </p>
                </div>
                <p
                  class="MuiTypography-root MuiTypography-body2 css-1d3njat-MuiTypography-root"
                >
                  3,000,000
                </p>
              </div>
              <section
                class="css-1r2jysi MuiBox-root css-0"
              >
                <div
                  class="css-uf1ume MuiBox-root css-0"
                >
                  <div
                    class="css-44nm6q MuiBox-root css-0"
                  >
                    <svg
                      aria-hidden="true"
                      class="MuiSvgIcon-root MuiSvgIcon-fontSizeMedium css-r6guz9-MuiSvgIcon-root"
                      data-testid="SubdirectoryArrowRightIcon"
                      focusable="false"
                      viewBox="0 0 24 24"
                    >
                      <path
                        d="m19 15-6 6-1.42-1.42L15.17 16H4V4h2v10h9.17l-3.59-3.58L13 9l6 6z"
                      />
                    </svg>
                    <span
                      class="MuiTypography-root MuiTypography-caption css-1sn4lm3-MuiTypography-root"
                    >
                      현금지출
                    </span>
                  </div>
                  <span
                    class="MuiTypography-root MuiTypography-caption css-1sn4lm3-MuiTypography-root"
                  >
                    1,000,000
                  </span>
                </div>
                <div
                  class="css-uf1ume MuiBox-root css-0"
                >
                  <div
                    class="css-44nm6q MuiBox-root css-0"
                  >
                    <svg
                      aria-hidden="true"
                      class="MuiSvgIcon-root MuiSvgIcon-fontSizeMedium css-r6guz9-MuiSvgIcon-root"
                      data-testid="SubdirectoryArrowRightIcon"
                      focusable="false"
                      viewBox="0 0 24 24"
                    >
                      <path
                        d="m19 15-6 6-1.42-1.42L15.17 16H4V4h2v10h9.17l-3.59-3.58L13 9l6 6z"
                      />
                    </svg>
                    <span
                      class="MuiTypography-root MuiTypography-caption css-1sn4lm3-MuiTypography-root"
                    >
                      카드지출
                    </span>
                  </div>
                  <span
                    class="MuiTypography-root MuiTypography-caption css-1sn4lm3-MuiTypography-root"
                  >
                    2,000,000
                  </span>
                </div>
              </section>
            </div>
          </div>
        </section>
      </nav>
    </div>
  </body>,
  "container": <div>
    <nav
      class="css-190sxfp MuiBox-root css-1ken695"
    >
      <a
        class="MuiTypography-root MuiTypography-inherit MuiLink-root MuiLink-underlineNone css-8x5v1s css-1vfxnq3-MuiTypography-root-MuiLink-root"
        href="/dashboard"
      >
        <svg
          aria-hidden="true"
          class="MuiSvgIcon-root MuiSvgIcon-fontSizeMedium css-i4bv87-MuiSvgIcon-root"
          data-testid="SavingsIcon"
          focusable="false"
          viewBox="0 0 24 24"
        >
          <path
            d="m19.83 7.5-2.27-2.27c.07-.42.18-.81.32-1.15.08-.18.12-.37.12-.58 0-.83-.67-1.5-1.5-1.5-1.64 0-3.09.79-4 2h-5C4.46 4 2 6.46 2 9.5S4.5 21 4.5 21H10v-2h2v2h5.5l1.68-5.59 2.82-.94V7.5h-2.17zM13 9H8V7h5v2zm3 2c-.55 0-1-.45-1-1s.45-1 1-1 1 .45 1 1-.45 1-1 1z"
          />
        </svg>
        <p
          class="MuiTypography-root MuiTypography-body1 css-kasiyu css-ahj2mt-MuiTypography-root"
        >
          모두의 가계부
        </p>
      </a>
      <nav
        class="css-a5gwss MuiBox-root css-8n1nqt"
      >
        <a
          class="MuiTypography-root MuiTypography-inherit MuiLink-root MuiLink-underlineNone css-1svkyu9 css-etlun3-MuiTypography-root-MuiLink-root"
          href="/dashboard"
        >
          <svg
            aria-hidden="true"
            class="MuiSvgIcon-root MuiSvgIcon-fontSizeMedium css-1l6op67-MuiSvgIcon-root"
            data-testid="EditIcon"
            focusable="false"
            viewBox="0 0 24 24"
          >
            <path
              d="M3 17.25V21h3.75L17.81 9.94l-3.75-3.75L3 17.25zM20.71 7.04c.39-.39.39-1.02 0-1.41l-2.34-2.34a.9959.9959 0 0 0-1.41 0l-1.83 1.83 3.75 3.75 1.83-1.83z"
            />
          </svg>
          <p
            class="MuiTypography-root MuiTypography-body2 css-e784if-MuiTypography-root"
          >
            가계부
          </p>
        </a>
        <a
          class="MuiTypography-root MuiTypography-inherit MuiLink-root MuiLink-underlineNone css-1svkyu9 css-etlun3-MuiTypography-root-MuiLink-root"
          href="/dashboard/report"
        >
          <svg
            aria-hidden="true"
            class="MuiSvgIcon-root MuiSvgIcon-fontSizeMedium css-1l6op67-MuiSvgIcon-root"
            data-testid="BarChartIcon"
            focusable="false"
            viewBox="0 0 24 24"
          >
            <path
              d="M4 9h4v11H4zm12 4h4v7h-4zm-6-9h4v16h-4z"
            />
          </svg>
          <p
            class="MuiTypography-root MuiTypography-body2 css-e784if-MuiTypography-root"
          >
            보고서
          </p>
        </a>
        <a
          class="MuiTypography-root MuiTypography-inherit MuiLink-root MuiLink-underlineNone css-1svkyu9 css-etlun3-MuiTypography-root-MuiLink-root"
          href="/dashboard/budget"
        >
          <svg
            aria-hidden="true"
            class="MuiSvgIcon-root MuiSvgIcon-fontSizeMedium css-1l6op67-MuiSvgIcon-root"
            data-testid="PieChartIcon"
            focusable="false"
            viewBox="0 0 24 24"
          >
            <path
              d="M11 2v20c-5.07-.5-9-4.79-9-10s3.93-9.5 9-10zm2.03 0v8.99H22c-.47-4.74-4.24-8.52-8.97-8.99zm0 11.01V22c4.74-.47 8.5-4.25 8.97-8.99h-8.97z"
            />
          </svg>
          <p
            class="MuiTypography-root MuiTypography-body2 css-e784if-MuiTypography-root"
          >
            예산 관리
          </p>
        </a>
        <a
          class="MuiTypography-root MuiTypography-inherit MuiLink-root MuiLink-underlineNone css-1svkyu9 css-etlun3-MuiTypography-root-MuiLink-root"
          href="/dashboard/account"
        >
          <svg
            aria-hidden="true"
            class="MuiSvgIcon-root MuiSvgIcon-fontSizeMedium css-1l6op67-MuiSvgIcon-root"
            data-testid="CategoryIcon"
            focusable="false"
            viewBox="0 0 24 24"
          >
            <path
              d="m12 2-5.5 9h11z"
            />
            <circle
              cx="17.5"
              cy="17.5"
              r="4.5"
            />
            <path
              d="M3 13.5h8v8H3z"
            />
          </svg>
          <p
            class="MuiTypography-root MuiTypography-body2 css-e784if-MuiTypography-root"
          >
            분류 관리
          </p>
        </a>
      </nav>
      <section
        class="css-14chwgd MuiBox-root css-0"
      >
        <header
          class="css-kympkc MuiBox-root css-0"
        >
          <div
            class="css-1giup9e MuiBox-root css-0"
          >
            <svg
              aria-hidden="true"
              class="MuiSvgIcon-root MuiSvgIcon-fontSizeMedium css-i4bv87-MuiSvgIcon-root"
              data-testid="KeyboardArrowUpIcon"
              focusable="false"
              viewBox="0 0 24 24"
            >
              <path
                d="M7.41 15.41 12 10.83l4.59 4.58L18 14l-6-6-6 6z"
              />
            </svg>
            <p
              class="MuiTypography-root MuiTypography-body2 css-e784if-MuiTypography-root"
            >
              이달의 자산현황
            </p>
          </div>
        </header>
        <div
          class="css-7ttcrf MuiBox-root css-0"
        >
          <div
            class="css-1xqftfh MuiBox-root css-12y2hfg"
          >
            <div
              class="css-pe6vce MuiBox-root css-16qv2i2"
            >
              <div
                class="css-44nm6q MuiBox-root css-0"
              >
                <svg
                  aria-hidden="true"
                  class="MuiSvgIcon-root MuiSvgIcon-fontSizeMedium css-1u2zctn-MuiSvgIcon-root"
                  data-testid="TollIcon"
                  focusable="false"
                  viewBox="0 0 24 24"
                >
                  <path
                    d="M15 4c-4.42 0-8 3.58-8 8s3.58 8 8 8 8-3.58 8-8-3.58-8-8-8zm0 14c-3.31 0-6-2.69-6-6s2.69-6 6-6 6 2.69 6 6-2.69 6-6 6zM3 12c0-2.61 1.67-4.83 4-5.65V4.26C3.55 5.15 1 8.27 1 12s2.55 6.85 6 7.74v-2.09c-2.33-.82-4-3.04-4-5.65z"
                  />
                </svg>
                <p
                  class="MuiTypography-root MuiTypography-body2 css-1d3njat-MuiTypography-root"
                >
                  순자산
                </p>
              </div>
              <p
                class="MuiTypography-root MuiTypography-body2 css-1d3njat-MuiTypography-root"
              >
                500,000,000
              </p>
            </div>
          </div>
          <div
            class="css-1xqftfh MuiBox-root css-12y2hfg"
          >
            <div
              class="css-pe6vce MuiBox-root css-c1a362"
            >
              <div
                class="css-44nm6q MuiBox-root css-0"
              >
                <svg
                  aria-hidden="true"
                  class="MuiSvgIcon-root MuiSvgIcon-fontSizeMedium css-1u2zctn-MuiSvgIcon-root"
                  data-testid="AddIcon"
                  focusable="false"
                  viewBox="0 0 24 24"
                >
                  <path
                    d="M19 13h-6v6h-2v-6H5v-2h6V5h2v6h6v2z"
                  />
                </svg>
                <p
                  class="MuiTypography-root MuiTypography-body2 css-1d3njat-MuiTypography-root"
                >
                  자산
                </p>
              </div>
              <p
                class="MuiTypography-root MuiTypography-body2 css-1d3njat-MuiTypography-root"
              >
                500,000,000
              </p>
            </div>
            <section
              class="css-1r2jysi MuiBox-root css-0"
            >
              <div
                class="css-uf1ume MuiBox-root css-0"
              >
                <div
                  class="css-44nm6q MuiBox-root css-0"
                >
                  <svg
                    aria-hidden="true"
                    class="MuiSvgIcon-root MuiSvgIcon-fontSizeMedium css-r6guz9-MuiSvgIcon-root"
                    data-testid="SubdirectoryArrowRightIcon"
                    focusable="false"
                    viewBox="0 0 24 24"
                  >
                    <path
                      d="m19 15-6 6-1.42-1.42L15.17 16H4V4h2v10h9.17l-3.59-3.58L13 9l6 6z"
                    />
                  </svg>
                  <span
                    class="MuiTypography-root MuiTypography-caption css-1sn4lm3-MuiTypography-root"
                  >
                    현금잔액
                  </span>
                </div>
                <span
                  class="MuiTypography-root MuiTypography-caption css-1sn4lm3-MuiTypography-root"
                >
                  100,000,000
                </span>
              </div>
              <div
                class="css-uf1ume MuiBox-root css-0"
              >
                <div
                  class="css-44nm6q MuiBox-root css-0"
                >
                  <svg
                    aria-hidden="true"
                    class="MuiSvgIcon-root MuiSvgIcon-fontSizeMedium css-r6guz9-MuiSvgIcon-root"
                    data-testid="SubdirectoryArrowRightIcon"
                    focusable="false"
                    viewBox="0 0 24 24"
                  >
                    <path
                      d="m19 15-6 6-1.42-1.42L15.17 16H4V4h2v10h9.17l-3.59-3.58L13 9l6 6z"
                    />
                  </svg>
                  <span
                    class="MuiTypography-root MuiTypography-caption css-1sn4lm3-MuiTypography-root"
                  >
                    투자자산
                  </span>
                </div>
                <span
                  class="MuiTypography-root MuiTypography-caption css-1sn4lm3-MuiTypography-root"
                >
                  350,000,000
                </span>
              </div>
              <div
                class="css-uf1ume MuiBox-root css-0"
              >
                <div
                  class="css-44nm6q MuiBox-root css-0"
                >
                  <svg
                    aria-hidden="true"
                    class="MuiSvgIcon-root MuiSvgIcon-fontSizeMedium css-r6guz9-MuiSvgIcon-root"
                    data-testid="SubdirectoryArrowRightIcon"
                    focusable="false"
                    viewBox="0 0 24 24"
                  >
                    <path
                      d="m19 15-6 6-1.42-1.42L15.17 16H4V4h2v10h9.17l-3.59-3.58L13 9l6 6z"
                    />
                  </svg>
                  <span
                    class="MuiTypography-root MuiTypography-caption css-1sn4lm3-MuiTypography-root"
                  >
                    기타자산
                  </span>
                </div>
                <span
                  class="MuiTypography-root MuiTypography-caption css-1sn4lm3-MuiTypography-root"
                >
                  50,000,000
                </span>
              </div>
            </section>
          </div>
          <div
            class="css-1xqftfh MuiBox-root css-12y2hfg"
          >
            <div
              class="css-pe6vce MuiBox-root css-1y16nxq"
            >
              <div
                class="css-44nm6q MuiBox-root css-0"
              >
                <svg
                  aria-hidden="true"
                  class="MuiSvgIcon-root MuiSvgIcon-fontSizeMedium css-1u2zctn-MuiSvgIcon-root"
                  data-testid="RemoveIcon"
                  focusable="false"
                  viewBox="0 0 24 24"
                >
                  <path
                    d="M19 13H5v-2h14v2z"
                  />
                </svg>
                <p
                  class="MuiTypography-root MuiTypography-body2 css-1d3njat-MuiTypography-root"
                >
                  부채
                </p>
              </div>
              <p
                class="MuiTypography-root MuiTypography-body2 css-1d3njat-MuiTypography-root"
              >
                100,000,000
              </p>
            </div>
            <section
              class="css-1r2jysi MuiBox-root css-0"
            >
              <div
                class="css-uf1ume MuiBox-root css-0"
              >
                <div
                  class="css-44nm6q MuiBox-root css-0"
                >
                  <svg
                    aria-hidden="true"
                    class="MuiSvgIcon-root MuiSvgIcon-fontSizeMedium css-r6guz9-MuiSvgIcon-root"
                    data-testid="SubdirectoryArrowRightIcon"
                    focusable="false"
                    viewBox="0 0 24 24"
                  >
                    <path
                      d="m19 15-6 6-1.42-1.42L15.17 16H4V4h2v10h9.17l-3.59-3.58L13 9l6 6z"
                    />
                  </svg>
                  <span
                    class="MuiTypography-root MuiTypography-caption css-1sn4lm3-MuiTypography-root"
                  >
                    대출
                  </span>
                </div>
                <span
                  class="MuiTypography-root MuiTypography-caption css-1sn4lm3-MuiTypography-root"
                >
                  75,000,000
                </span>
              </div>
              <div
                class="css-uf1ume MuiBox-root css-0"
              >
                <div
                  class="css-44nm6q MuiBox-root css-0"
                >
                  <svg
                    aria-hidden="true"
                    class="MuiSvgIcon-root MuiSvgIcon-fontSizeMedium css-r6guz9-MuiSvgIcon-root"
                    data-testid="SubdirectoryArrowRightIcon"
                    focusable="false"
                    viewBox="0 0 24 24"
                  >
                    <path
                      d="m19 15-6 6-1.42-1.42L15.17 16H4V4h2v10h9.17l-3.59-3.58L13 9l6 6z"
                    />
                  </svg>
                  <span
                    class="MuiTypography-root MuiTypography-caption css-1sn4lm3-MuiTypography-root"
                  >
                    기타부채
                  </span>
                </div>
                <span
                  class="MuiTypography-root MuiTypography-caption css-1sn4lm3-MuiTypography-root"
                >
                  25,000,000
                </span>
              </div>
            </section>
          </div>
        </div>
      </section>
      <section
        class="css-14chwgd MuiBox-root css-0"
      >
        <header
          class="css-kympkc MuiBox-root css-0"
        >
          <div
            class="css-1giup9e MuiBox-root css-0"
          >
            <svg
              aria-hidden="true"
              class="MuiSvgIcon-root MuiSvgIcon-fontSizeMedium css-i4bv87-MuiSvgIcon-root"
              data-testid="KeyboardArrowUpIcon"
              focusable="false"
              viewBox="0 0 24 24"
            >
              <path
                d="M7.41 15.41 12 10.83l4.59 4.58L18 14l-6-6-6 6z"
              />
            </svg>
            <p
              class="MuiTypography-root MuiTypography-body2 css-e784if-MuiTypography-root"
            >
              이달의 가계
            </p>
          </div>
          <span
            class="MuiTypography-root MuiTypography-caption css-2jhrtr css-1sn4lm3-MuiTypography-root"
          >
            2024.01.01 ~ 2024.01.31
          </span>
        </header>
        <div
          class="css-7ttcrf MuiBox-root css-0"
        >
          <div
            class="css-1xqftfh MuiBox-root css-12y2hfg"
          >
            <div
              class="css-pe6vce MuiBox-root css-16qv2i2"
            >
              <div
                class="css-44nm6q MuiBox-root css-0"
              >
                <svg
                  aria-hidden="true"
                  class="MuiSvgIcon-root MuiSvgIcon-fontSizeMedium css-1u2zctn-MuiSvgIcon-root"
                  data-testid="TollIcon"
                  focusable="false"
                  viewBox="0 0 24 24"
                >
                  <path
                    d="M15 4c-4.42 0-8 3.58-8 8s3.58 8 8 8 8-3.58 8-8-3.58-8-8-8zm0 14c-3.31 0-6-2.69-6-6s2.69-6 6-6 6 2.69 6 6-2.69 6-6 6zM3 12c0-2.61 1.67-4.83 4-5.65V4.26C3.55 5.15 1 8.27 1 12s2.55 6.85 6 7.74v-2.09c-2.33-.82-4-3.04-4-5.65z"
                  />
                </svg>
                <p
                  class="MuiTypography-root MuiTypography-body2 css-1d3njat-MuiTypography-root"
                >
                  수입 - 지출
                </p>
              </div>
              <p
                class="MuiTypography-root MuiTypography-body2 css-1d3njat-MuiTypography-root"
              >
                7,000,000
              </p>
            </div>
          </div>
          <div
            class="css-1xqftfh MuiBox-root css-12y2hfg"
          >
            <div
              class="css-pe6vce MuiBox-root css-c1a362"
            >
              <div
                class="css-44nm6q MuiBox-root css-0"
              >
                <svg
                  aria-hidden="true"
                  class="MuiSvgIcon-root MuiSvgIcon-fontSizeMedium css-1u2zctn-MuiSvgIcon-root"
                  data-testid="AddIcon"
                  focusable="false"
                  viewBox="0 0 24 24"
                >
                  <path
                    d="M19 13h-6v6h-2v-6H5v-2h6V5h2v6h6v2z"
                  />
                </svg>
                <p
                  class="MuiTypography-root MuiTypography-body2 css-1d3njat-MuiTypography-root"
                >
                  수입
                </p>
              </div>
              <p
                class="MuiTypography-root MuiTypography-body2 css-1d3njat-MuiTypography-root"
              >
                10,000,000
              </p>
            </div>
            <section
              class="css-1r2jysi MuiBox-root css-0"
            >
              <div
                class="css-uf1ume MuiBox-root css-0"
              >
                <div
                  class="css-44nm6q MuiBox-root css-0"
                >
                  <svg
                    aria-hidden="true"
                    class="MuiSvgIcon-root MuiSvgIcon-fontSizeMedium css-r6guz9-MuiSvgIcon-root"
                    data-testid="SubdirectoryArrowRightIcon"
                    focusable="false"
                    viewBox="0 0 24 24"
                  >
                    <path
                      d="m19 15-6 6-1.42-1.42L15.17 16H4V4h2v10h9.17l-3.59-3.58L13 9l6 6z"
                    />
                  </svg>
                  <span
                    class="MuiTypography-root MuiTypography-caption css-1sn4lm3-MuiTypography-root"
                  >
                    이달의 수입
                  </span>
                </div>
                <span
                  class="MuiTypography-root MuiTypography-caption css-1sn4lm3-MuiTypography-root"
                >
                  8,000,000
                </span>
              </div>
              <div
                class="css-uf1ume MuiBox-root css-0"
              >
                <div
                  class="css-44nm6q MuiBox-root css-0"
                >
                  <svg
                    aria-hidden="true"
                    class="MuiSvgIcon-root MuiSvgIcon-fontSizeMedium css-r6guz9-MuiSvgIcon-root"
                    data-testid="SubdirectoryArrowRightIcon"
                    focusable="false"
                    viewBox="0 0 24 24"
                  >
                    <path
                      d="m19 15-6 6-1.42-1.42L15.17 16H4V4h2v10h9.17l-3.59-3.58L13 9l6 6z"
                    />
                  </svg>
                  <span
                    class="MuiTypography-root MuiTypography-caption css-1sn4lm3-MuiTypography-root"
                  >
                    전월이월
                  </span>
                </div>
                <span
                  class="MuiTypography-root MuiTypography-caption css-1sn4lm3-MuiTypography-root"
                >
                  2,000,000
                </span>
              </div>
            </section>
          </div>
          <div
            class="css-1xqftfh MuiBox-root css-12y2hfg"
          >
            <div
              class="css-pe6vce MuiBox-root css-1y16nxq"
            >
              <div
                class="css-44nm6q MuiBox-root css-0"
              >
                <svg
                  aria-hidden="true"
                  class="MuiSvgIcon-root MuiSvgIcon-fontSizeMedium css-1u2zctn-MuiSvgIcon-root"
                  data-testid="RemoveIcon"
                  focusable="false"
                  viewBox="0 0 24 24"
                >
                  <path
                    d="M19 13H5v-2h14v2z"
                  />
                </svg>
                <p
                  class="MuiTypography-root MuiTypography-body2 css-1d3njat-MuiTypography-root"
                >
                  지출
                </p>
              </div>
              <p
                class="MuiTypography-root MuiTypography-body2 css-1d3njat-MuiTypography-root"
              >
                3,000,000
              </p>
            </div>
            <section
              class="css-1r2jysi MuiBox-root css-0"
            >
              <div
                class="css-uf1ume MuiBox-root css-0"
              >
                <div
                  class="css-44nm6q MuiBox-root css-0"
                >
                  <svg
                    aria-hidden="true"
                    class="MuiSvgIcon-root MuiSvgIcon-fontSizeMedium css-r6guz9-MuiSvgIcon-root"
                    data-testid="SubdirectoryArrowRightIcon"
                    focusable="false"
                    viewBox="0 0 24 24"
                  >
                    <path
                      d="m19 15-6 6-1.42-1.42L15.17 16H4V4h2v10h9.17l-3.59-3.58L13 9l6 6z"
                    />
                  </svg>
                  <span
                    class="MuiTypography-root MuiTypography-caption css-1sn4lm3-MuiTypography-root"
                  >
                    현금지출
                  </span>
                </div>
                <span
                  class="MuiTypography-root MuiTypography-caption css-1sn4lm3-MuiTypography-root"
                >
                  1,000,000
                </span>
              </div>
              <div
                class="css-uf1ume MuiBox-root css-0"
              >
                <div
                  class="css-44nm6q MuiBox-root css-0"
                >
                  <svg
                    aria-hidden="true"
                    class="MuiSvgIcon-root MuiSvgIcon-fontSizeMedium css-r6guz9-MuiSvgIcon-root"
                    data-testid="SubdirectoryArrowRightIcon"
                    focusable="false"
                    viewBox="0 0 24 24"
                  >
                    <path
                      d="m19 15-6 6-1.42-1.42L15.17 16H4V4h2v10h9.17l-3.59-3.58L13 9l6 6z"
                    />
                  </svg>
                  <span
                    class="MuiTypography-root MuiTypography-caption css-1sn4lm3-MuiTypography-root"
                  >
                    카드지출
                  </span>
                </div>
                <span
                  class="MuiTypography-root MuiTypography-caption css-1sn4lm3-MuiTypography-root"
                >
                  2,000,000
                </span>
              </div>
            </section>
          </div>
        </div>
      </section>
    </nav>
  </div>,
  "debug": [Function],
  "findAllByAltText": [Function],
  "findAllByDisplayValue": [Function],
  "findAllByLabelText": [Function],
  "findAllByPlaceholderText": [Function],
  "findAllByRole": [Function],
  "findAllByTestId": [Function],
  "findAllByText": [Function],
  "findAllByTitle": [Function],
  "findByAltText": [Function],
  "findByDisplayValue": [Function],
  "findByLabelText": [Function],
  "findByPlaceholderText": [Function],
  "findByRole": [Function],
  "findByTestId": [Function],
  "findByText": [Function],
  "findByTitle": [Function],
  "getAllByAltText": [Function],
  "getAllByDisplayValue": [Function],
  "getAllByLabelText": [Function],
  "getAllByPlaceholderText": [Function],
  "getAllByRole": [Function],
  "getAllByTestId": [Function],
  "getAllByText": [Function],
  "getAllByTitle": [Function],
  "getByAltText": [Function],
  "getByDisplayValue": [Function],
  "getByLabelText": [Function],
  "getByPlaceholderText": [Function],
  "getByRole": [Function],
  "getByTestId": [Function],
  "getByText": [Function],
  "getByTitle": [Function],
  "queryAllByAltText": [Function],
  "queryAllByDisplayValue": [Function],
  "queryAllByLabelText": [Function],
  "queryAllByPlaceholderText": [Function],
  "queryAllByRole": [Function],
  "queryAllByTestId": [Function],
  "queryAllByText": [Function],
  "queryAllByTitle": [Function],
  "queryByAltText": [Function],
  "queryByDisplayValue": [Function],
  "queryByLabelText": [Function],
  "queryByPlaceholderText": [Function],
  "queryByRole": [Function],
  "queryByTestId": [Function],
  "queryByText": [Function],
  "queryByTitle": [Function],
  "rerender": [Function],
  "store": {
    "@@observable": [Function],
    "dispatch": [Function],
    "getState": [Function],
    "replaceReducer": [Function],
    "subscribe": [Function],
  },
  "unmount": [Function],
}
`;
