// Vitest Snapshot v1, https://vitest.dev/guide/snapshot.html

exports[`ExpenseGrid > renders ExpenseGrid component 1`] = `
{
  "asFragment": [Function],
  "baseElement": <body>
    <div>
      <div
        class="ag-theme-quartz css-1522fkl MuiBox-root css-0"
        style="height: 500px;"
      >
        <div
          style="height: 100%;"
        >
          <!-- AG Grid -->
          <div
            class="ag-root-wrapper ag-ltr ag-layout-normal"
            grid-id="1"
            role="presentation"
          >
            <div
              class="ag-root-wrapper-body ag-focus-managed ag-layout-normal"
              role="presentation"
            >
              <div
                class="ag-tab-guard ag-tab-guard-top"
                role="presentation"
                tabindex="0"
              />
              <!-- AG Grid Body -->
              <div
                aria-colcount="0"
                aria-rowcount="0"
                class="ag-root ag-unselectable ag-layout-normal"
                role="treegrid"
              >
                <div
                  class="ag-header ag-pivot-off"
                  role="presentation"
                  style="height: 1px; min-height: 1px;"
                >
                  <div
                    aria-hidden="false"
                    class="ag-pinned-left-header "
                    role="presentation"
                  />
                  <div
                    class="ag-header-viewport "
                    role="presentation"
                  >
                    <div
                      class="ag-header-container"
                      role="rowgroup"
                      style="width: 0px;"
                    />
                  </div>
                  <div
                    aria-hidden="false"
                    class="ag-pinned-right-header "
                    role="presentation"
                  />
                </div>
                <!-- AG Pinned Top -->
                <div
                  class="ag-floating-top"
                  role="presentation"
                  style="height: 0px; min-height: 0; display: none;"
                >
                  <!-- AG Row Container topLeft -->
                  <div
                    class="ag-pinned-left-floating-top"
                    role="presentation"
                  />
                  <!-- AG Row Container topCenter -->
                  <div
                    class="ag-floating-top-viewport"
                    role="presentation"
                  >
                    <div
                      class="ag-floating-top-container"
                      role="presentation"
                      style="width: 0px;"
                    />
                  </div>
                  <!-- AG Row Container topRight -->
                  <div
                    class="ag-pinned-right-floating-top"
                    role="presentation"
                  />
                  <!-- AG Row Container topFullWidth -->
                  <div
                    class="ag-floating-top-full-width-container"
                    role="presentation"
                  />
                </div>
                <div
                  class="ag-body ag-layout-normal"
                  role="presentation"
                >
                  <!-- AG Middle -->
                  <div
                    class="ag-body-viewport ag-row-animation ag-layout-normal"
                    role="presentation"
                  >
                    <!-- AG Row Container left -->
                    <div
                      class="ag-pinned-left-cols-container"
                      role="presentation"
                      style="height: 1px;"
                    />
                    <!-- AG Row Container center -->
                    <div
                      class="ag-center-cols-viewport"
                      role="presentation"
                      style="height: 1px;"
                    >
                      <div
                        class="ag-center-cols-container"
                        role="presentation"
                        style="width: 0px; height: 1px;"
                      />
                    </div>
                    <!-- AG Row Container right -->
                    <div
                      class="ag-pinned-right-cols-container"
                      role="presentation"
                      style="height: 1px;"
                    />
                    <!-- AG Row Container fullWidth -->
                    <div
                      class="ag-full-width-container"
                      role="presentation"
                      style="height: 1px;"
                    />
                  </div>
                  <!-- AG Fake Vertical Scroll -->
                  <div
                    aria-hidden="true"
                    class="ag-body-vertical-scroll"
                  >
                    
            
                    <div
                      class="ag-body-vertical-scroll-viewport"
                      ref="eViewport"
                    >
                      
                
                      <div
                        class="ag-body-vertical-scroll-container"
                        ref="eContainer"
                        style="height: 1px;"
                      />
                      
            
                    </div>
                    
        
                  </div>
                </div>
                <!-- AG Sticky Top -->
                <div
                  class="ag-sticky-top"
                  role="presentation"
                  style="height: 0px; top: 0px; width: 100%;"
                >
                  <!-- AG Row Container stickyTopLeft -->
                  <div
                    class="ag-pinned-left-sticky-top"
                    role="presentation"
                  />
                  <!-- AG Row Container stickyTopCenter -->
                  <div
                    class="ag-sticky-top-viewport"
                    role="presentation"
                  >
                    <div
                      class="ag-sticky-top-container"
                      role="presentation"
                      style="width: 0px;"
                    />
                  </div>
                  <!-- AG Row Container stickyTopRight -->
                  <div
                    class="ag-pinned-right-sticky-top"
                    role="presentation"
                  />
                  <!-- AG Row Container stickyTopFullWidth -->
                  <div
                    class="ag-sticky-top-full-width-container"
                    role="presentation"
                  />
                </div>
                <!-- AG Pinned Bottom -->
                <div
                  class="ag-floating-bottom"
                  role="presentation"
                  style="height: 0px; min-height: 0; display: none;"
                >
                  <!-- AG Row Container bottomLeft -->
                  <div
                    class="ag-pinned-left-floating-bottom"
                    role="presentation"
                  />
                  <!-- AG Row Container bottomCenter -->
                  <div
                    class="ag-floating-bottom-viewport"
                    role="presentation"
                  >
                    <div
                      class="ag-floating-bottom-container"
                      role="presentation"
                      style="width: 0px;"
                    />
                  </div>
                  <!-- AG Row Container bottomRight -->
                  <div
                    class="ag-pinned-right-floating-bottom"
                    role="presentation"
                  />
                  <!-- AG Row Container bottomFullWidth -->
                  <div
                    class="ag-floating-bottom-full-width-container"
                    role="presentation"
                  />
                </div>
                <!-- AG Fake Horizontal Scroll -->
                <div
                  aria-hidden="true"
                  class="ag-body-horizontal-scroll"
                >
                  
            
                  <div
                    class="ag-horizontal-left-spacer"
                    ref="eLeftSpacer"
                    style="width: 0px; max-width: 0px; min-width: 0px;"
                  />
                  
            
                  <div
                    class="ag-body-horizontal-scroll-viewport"
                    ref="eViewport"
                  >
                    
                
                    <div
                      class="ag-body-horizontal-scroll-container"
                      ref="eContainer"
                      style="width: 0px;"
                    />
                    
            
                  </div>
                  
            
                  <div
                    class="ag-horizontal-right-spacer"
                    ref="eRightSpacer"
                    style="width: 0px; max-width: 0px; min-width: 0px;"
                  />
                  
        
                </div>
                <!-- AG Overlay Wrapper -->
                <div
                  aria-hidden="true"
                  class="ag-overlay"
                >
                  
            
                  <div
                    class="ag-overlay-panel"
                  >
                    
                
                    <div
                      class="ag-overlay-wrapper ag-layout-normal ag-overlay-loading-wrapper"
                      ref="eOverlayWrapper"
                    >
                      <span
                        class="ag-overlay-loading-center"
                      >
                        Loading...
                      </span>
                    </div>
                    
            
                  </div>
                  
        
                </div>
              </div>
              <div
                class="ag-tab-guard ag-tab-guard-bottom"
                role="presentation"
                tabindex="0"
              />
            </div>
            <div
              aria-hidden="true"
              class="ag-paging-panel ag-unselectable ag-hidden"
              id="ag-4"
            >
              
                
              <!--AG-PAGE-SIZE-SELECTOR-->
              <span
                class="ag-paging-page-size"
                ref="pageSizeComp"
              />
              
                
              <span
                class="ag-paging-row-summary-panel"
                role="status"
              >
                
                    
                <span
                  class="ag-paging-row-summary-panel-number"
                  id="ag-4-first-row"
                  ref="lbFirstRowOnPage"
                />
                
                    
                <span
                  id="ag-4-to"
                >
                  to
                </span>
                
                    
                <span
                  class="ag-paging-row-summary-panel-number"
                  id="ag-4-last-row"
                  ref="lbLastRowOnPage"
                />
                
                    
                <span
                  id="ag-4-of"
                >
                  of
                </span>
                
                    
                <span
                  class="ag-paging-row-summary-panel-number"
                  id="ag-4-row-count"
                  ref="lbRecordCount"
                />
                
                
              </span>
              
                
              <span
                class="ag-paging-page-summary-panel"
                role="presentation"
              >
                
                    
                <div
                  aria-label="First Page"
                  class="ag-button ag-paging-button"
                  ref="btFirst"
                  role="button"
                  tabindex="0"
                >
                  <span
                    class="ag-icon ag-icon-first"
                    role="presentation"
                    unselectable="on"
                  />
                </div>
                
                    
                <div
                  aria-label="Previous Page"
                  class="ag-button ag-paging-button"
                  ref="btPrevious"
                  role="button"
                  tabindex="0"
                >
                  <span
                    class="ag-icon ag-icon-previous"
                    role="presentation"
                    unselectable="on"
                  />
                </div>
                
                    
                <span
                  class="ag-paging-description"
                  role="status"
                >
                  
                        
                  <span
                    id="ag-4-start-page"
                  >
                    Page
                  </span>
                  
                        
                  <span
                    class="ag-paging-number"
                    id="ag-4-start-page-number"
                    ref="lbCurrent"
                  />
                  
                        
                  <span
                    id="ag-4-of-page"
                  >
                    of
                  </span>
                  
                        
                  <span
                    class="ag-paging-number"
                    id="ag-4-of-page-number"
                    ref="lbTotal"
                  />
                  
                    
                </span>
                
                    
                <div
                  aria-label="Next Page"
                  class="ag-button ag-paging-button"
                  ref="btNext"
                  role="button"
                  tabindex="0"
                >
                  <span
                    class="ag-icon ag-icon-next"
                    role="presentation"
                    unselectable="on"
                  />
                </div>
                
                    
                <div
                  aria-label="Last Page"
                  class="ag-button ag-paging-button"
                  ref="btLast"
                  role="button"
                  tabindex="0"
                >
                  <span
                    class="ag-icon ag-icon-last"
                    role="presentation"
                    unselectable="on"
                  />
                </div>
                
                
              </span>
              
            
            </div>
          </div>
        </div>
      </div>
    </div>
  </body>,
  "container": <div>
    <div
      class="ag-theme-quartz css-1522fkl MuiBox-root css-0"
      style="height: 500px;"
    >
      <div
        style="height: 100%;"
      >
        <!-- AG Grid -->
        <div
          class="ag-root-wrapper ag-ltr ag-layout-normal"
          grid-id="1"
          role="presentation"
        >
          <div
            class="ag-root-wrapper-body ag-focus-managed ag-layout-normal"
            role="presentation"
          >
            <div
              class="ag-tab-guard ag-tab-guard-top"
              role="presentation"
              tabindex="0"
            />
            <!-- AG Grid Body -->
            <div
              aria-colcount="0"
              aria-rowcount="0"
              class="ag-root ag-unselectable ag-layout-normal"
              role="treegrid"
            >
              <div
                class="ag-header ag-pivot-off"
                role="presentation"
                style="height: 1px; min-height: 1px;"
              >
                <div
                  aria-hidden="false"
                  class="ag-pinned-left-header "
                  role="presentation"
                />
                <div
                  class="ag-header-viewport "
                  role="presentation"
                >
                  <div
                    class="ag-header-container"
                    role="rowgroup"
                    style="width: 0px;"
                  />
                </div>
                <div
                  aria-hidden="false"
                  class="ag-pinned-right-header "
                  role="presentation"
                />
              </div>
              <!-- AG Pinned Top -->
              <div
                class="ag-floating-top"
                role="presentation"
                style="height: 0px; min-height: 0; display: none;"
              >
                <!-- AG Row Container topLeft -->
                <div
                  class="ag-pinned-left-floating-top"
                  role="presentation"
                />
                <!-- AG Row Container topCenter -->
                <div
                  class="ag-floating-top-viewport"
                  role="presentation"
                >
                  <div
                    class="ag-floating-top-container"
                    role="presentation"
                    style="width: 0px;"
                  />
                </div>
                <!-- AG Row Container topRight -->
                <div
                  class="ag-pinned-right-floating-top"
                  role="presentation"
                />
                <!-- AG Row Container topFullWidth -->
                <div
                  class="ag-floating-top-full-width-container"
                  role="presentation"
                />
              </div>
              <div
                class="ag-body ag-layout-normal"
                role="presentation"
              >
                <!-- AG Middle -->
                <div
                  class="ag-body-viewport ag-row-animation ag-layout-normal"
                  role="presentation"
                >
                  <!-- AG Row Container left -->
                  <div
                    class="ag-pinned-left-cols-container"
                    role="presentation"
                    style="height: 1px;"
                  />
                  <!-- AG Row Container center -->
                  <div
                    class="ag-center-cols-viewport"
                    role="presentation"
                    style="height: 1px;"
                  >
                    <div
                      class="ag-center-cols-container"
                      role="presentation"
                      style="width: 0px; height: 1px;"
                    />
                  </div>
                  <!-- AG Row Container right -->
                  <div
                    class="ag-pinned-right-cols-container"
                    role="presentation"
                    style="height: 1px;"
                  />
                  <!-- AG Row Container fullWidth -->
                  <div
                    class="ag-full-width-container"
                    role="presentation"
                    style="height: 1px;"
                  />
                </div>
                <!-- AG Fake Vertical Scroll -->
                <div
                  aria-hidden="true"
                  class="ag-body-vertical-scroll"
                >
                  
            
                  <div
                    class="ag-body-vertical-scroll-viewport"
                    ref="eViewport"
                  >
                    
                
                    <div
                      class="ag-body-vertical-scroll-container"
                      ref="eContainer"
                      style="height: 1px;"
                    />
                    
            
                  </div>
                  
        
                </div>
              </div>
              <!-- AG Sticky Top -->
              <div
                class="ag-sticky-top"
                role="presentation"
                style="height: 0px; top: 0px; width: 100%;"
              >
                <!-- AG Row Container stickyTopLeft -->
                <div
                  class="ag-pinned-left-sticky-top"
                  role="presentation"
                />
                <!-- AG Row Container stickyTopCenter -->
                <div
                  class="ag-sticky-top-viewport"
                  role="presentation"
                >
                  <div
                    class="ag-sticky-top-container"
                    role="presentation"
                    style="width: 0px;"
                  />
                </div>
                <!-- AG Row Container stickyTopRight -->
                <div
                  class="ag-pinned-right-sticky-top"
                  role="presentation"
                />
                <!-- AG Row Container stickyTopFullWidth -->
                <div
                  class="ag-sticky-top-full-width-container"
                  role="presentation"
                />
              </div>
              <!-- AG Pinned Bottom -->
              <div
                class="ag-floating-bottom"
                role="presentation"
                style="height: 0px; min-height: 0; display: none;"
              >
                <!-- AG Row Container bottomLeft -->
                <div
                  class="ag-pinned-left-floating-bottom"
                  role="presentation"
                />
                <!-- AG Row Container bottomCenter -->
                <div
                  class="ag-floating-bottom-viewport"
                  role="presentation"
                >
                  <div
                    class="ag-floating-bottom-container"
                    role="presentation"
                    style="width: 0px;"
                  />
                </div>
                <!-- AG Row Container bottomRight -->
                <div
                  class="ag-pinned-right-floating-bottom"
                  role="presentation"
                />
                <!-- AG Row Container bottomFullWidth -->
                <div
                  class="ag-floating-bottom-full-width-container"
                  role="presentation"
                />
              </div>
              <!-- AG Fake Horizontal Scroll -->
              <div
                aria-hidden="true"
                class="ag-body-horizontal-scroll"
              >
                
            
                <div
                  class="ag-horizontal-left-spacer"
                  ref="eLeftSpacer"
                  style="width: 0px; max-width: 0px; min-width: 0px;"
                />
                
            
                <div
                  class="ag-body-horizontal-scroll-viewport"
                  ref="eViewport"
                >
                  
                
                  <div
                    class="ag-body-horizontal-scroll-container"
                    ref="eContainer"
                    style="width: 0px;"
                  />
                  
            
                </div>
                
            
                <div
                  class="ag-horizontal-right-spacer"
                  ref="eRightSpacer"
                  style="width: 0px; max-width: 0px; min-width: 0px;"
                />
                
        
              </div>
              <!-- AG Overlay Wrapper -->
              <div
                aria-hidden="true"
                class="ag-overlay"
              >
                
            
                <div
                  class="ag-overlay-panel"
                >
                  
                
                  <div
                    class="ag-overlay-wrapper ag-layout-normal ag-overlay-loading-wrapper"
                    ref="eOverlayWrapper"
                  >
                    <span
                      class="ag-overlay-loading-center"
                    >
                      Loading...
                    </span>
                  </div>
                  
            
                </div>
                
        
              </div>
            </div>
            <div
              class="ag-tab-guard ag-tab-guard-bottom"
              role="presentation"
              tabindex="0"
            />
          </div>
          <div
            aria-hidden="true"
            class="ag-paging-panel ag-unselectable ag-hidden"
            id="ag-4"
          >
            
                
            <!--AG-PAGE-SIZE-SELECTOR-->
            <span
              class="ag-paging-page-size"
              ref="pageSizeComp"
            />
            
                
            <span
              class="ag-paging-row-summary-panel"
              role="status"
            >
              
                    
              <span
                class="ag-paging-row-summary-panel-number"
                id="ag-4-first-row"
                ref="lbFirstRowOnPage"
              />
              
                    
              <span
                id="ag-4-to"
              >
                to
              </span>
              
                    
              <span
                class="ag-paging-row-summary-panel-number"
                id="ag-4-last-row"
                ref="lbLastRowOnPage"
              />
              
                    
              <span
                id="ag-4-of"
              >
                of
              </span>
              
                    
              <span
                class="ag-paging-row-summary-panel-number"
                id="ag-4-row-count"
                ref="lbRecordCount"
              />
              
                
            </span>
            
                
            <span
              class="ag-paging-page-summary-panel"
              role="presentation"
            >
              
                    
              <div
                aria-label="First Page"
                class="ag-button ag-paging-button"
                ref="btFirst"
                role="button"
                tabindex="0"
              >
                <span
                  class="ag-icon ag-icon-first"
                  role="presentation"
                  unselectable="on"
                />
              </div>
              
                    
              <div
                aria-label="Previous Page"
                class="ag-button ag-paging-button"
                ref="btPrevious"
                role="button"
                tabindex="0"
              >
                <span
                  class="ag-icon ag-icon-previous"
                  role="presentation"
                  unselectable="on"
                />
              </div>
              
                    
              <span
                class="ag-paging-description"
                role="status"
              >
                
                        
                <span
                  id="ag-4-start-page"
                >
                  Page
                </span>
                
                        
                <span
                  class="ag-paging-number"
                  id="ag-4-start-page-number"
                  ref="lbCurrent"
                />
                
                        
                <span
                  id="ag-4-of-page"
                >
                  of
                </span>
                
                        
                <span
                  class="ag-paging-number"
                  id="ag-4-of-page-number"
                  ref="lbTotal"
                />
                
                    
              </span>
              
                    
              <div
                aria-label="Next Page"
                class="ag-button ag-paging-button"
                ref="btNext"
                role="button"
                tabindex="0"
              >
                <span
                  class="ag-icon ag-icon-next"
                  role="presentation"
                  unselectable="on"
                />
              </div>
              
                    
              <div
                aria-label="Last Page"
                class="ag-button ag-paging-button"
                ref="btLast"
                role="button"
                tabindex="0"
              >
                <span
                  class="ag-icon ag-icon-last"
                  role="presentation"
                  unselectable="on"
                />
              </div>
              
                
            </span>
            
            
          </div>
        </div>
      </div>
    </div>
  </div>,
  "debug": [Function],
  "findAllByAltText": [Function],
  "findAllByDisplayValue": [Function],
  "findAllByLabelText": [Function],
  "findAllByPlaceholderText": [Function],
  "findAllByRole": [Function],
  "findAllByTestId": [Function],
  "findAllByText": [Function],
  "findAllByTitle": [Function],
  "findByAltText": [Function],
  "findByDisplayValue": [Function],
  "findByLabelText": [Function],
  "findByPlaceholderText": [Function],
  "findByRole": [Function],
  "findByTestId": [Function],
  "findByText": [Function],
  "findByTitle": [Function],
  "getAllByAltText": [Function],
  "getAllByDisplayValue": [Function],
  "getAllByLabelText": [Function],
  "getAllByPlaceholderText": [Function],
  "getAllByRole": [Function],
  "getAllByTestId": [Function],
  "getAllByText": [Function],
  "getAllByTitle": [Function],
  "getByAltText": [Function],
  "getByDisplayValue": [Function],
  "getByLabelText": [Function],
  "getByPlaceholderText": [Function],
  "getByRole": [Function],
  "getByTestId": [Function],
  "getByText": [Function],
  "getByTitle": [Function],
  "queryAllByAltText": [Function],
  "queryAllByDisplayValue": [Function],
  "queryAllByLabelText": [Function],
  "queryAllByPlaceholderText": [Function],
  "queryAllByRole": [Function],
  "queryAllByTestId": [Function],
  "queryAllByText": [Function],
  "queryAllByTitle": [Function],
  "queryByAltText": [Function],
  "queryByDisplayValue": [Function],
  "queryByLabelText": [Function],
  "queryByPlaceholderText": [Function],
  "queryByRole": [Function],
  "queryByTestId": [Function],
  "queryByText": [Function],
  "queryByTitle": [Function],
  "rerender": [Function],
  "unmount": [Function],
}
`;
